==== Continuous Performance Testing Log ====
0 50 84.2% 44.600
0 100 84.2% 67.600
0 150 83.7% 81.311
0 200 84.2% 243.016
0 250 86.1% 318.192
0 300 85.6% 321.418
0 350 85.6% 345.026
0 400 86.1% 392.936
0 450 86.1% 404.382
0 500 86.6% 410.335
0 550 88.0% 471.906
0 600 88.0% 547.198
0 650 89.0% 609.746
0 700 89.0% 633.303
0 750 89.5% 679.156
0 800 90.0% 696.570
0 850 90.0% 738.060
0 900 90.0% 756.281
0 950 91.4% 862.104
0 1000 91.9% 936.342
0 1050 93.3% 986.590
0 1100 92.8% 972.023
0 1150 93.3% 1006.561
0 1200 93.3% 1098.865
0 1250 93.3% 1151.950
0 1300 93.8% 1189.168
0 1350 94.3% 1232.939
0 1400 94.3% 1250.047
0 1450 94.3% 1286.429
0 1500 94.3% 1294.758
0 1550 94.3% 1321.192
0 1600 94.3% 1329.092
0 1650 94.3% 1352.462
0 1700 94.7% 1378.985
0 1750 95.2% 1421.674
0 1800 95.2% 1455.350
0 1850 95.2% 1473.275
0 1900 95.2% 1514.256
0 1950 95.2% 1507.242
0 2000 95.2% 1515.590
0 2050 94.7% 1527.959
0 2100 95.2% 1564.527
0 2150 95.2% 1573.491
0 2200 94.7% 1562.107
0 2250 94.7% 1581.464
0 2300 94.7% 1580.849
0 2350 94.7% 1586.496
0 2400 95.2% 1597.172
0 2450 95.2% 1592.818
0 2500 95.7% 1595.446
0 2550 95.7% 1595.198
0 2600 95.7% 1600.281
0 2650 95.7% 1618.795
0 2700 95.7% 1622.505
0 2750 95.7% 1633.016
0 2800 96.2% 1642.110
0 2850 96.2% 1640.329
0 2900 96.7% 1669.836
0 2950 96.7% 1665.265
0 3000 96.7% 1646.688
0 3050 96.7% 1646.398
0 3100 96.7% 1649.979
0 3150 96.7% 1656.133
0 3200 97.1% 1654.592
0 3250 97.1% 1652.822
0 3300 97.1% 1663.752
0 3350 97.1% 1669.065
0 3400 97.1% 1680.562
0 3450 97.1% 1674.031
0 3500 97.1% 1681.021
0 3550 97.1% 1677.730
0 3600 97.1% 1680.362
0 3650 97.1% 1683.674
0 3700 97.1% 1690.787
0 3750 97.1% 1694.833
0 3800 97.1% 1692.179
0 3850 97.1% 1708.108
0 3900 97.1% 1707.559
0 3950 97.1% 1708.458
0 4000 97.1% 1721.101
0 4050 97.1% 1720.537
0 4100 97.1% 1719.722
0 4150 97.1% 1718.819
0 4200 97.1% 1724.089
0 4250 97.1% 1724.444
0 4300 97.1% 1725.203
0 4350 97.1% 1729.345
0 4400 97.1% 1730.358
0 4450 97.1% 1730.575
0 4500 97.1% 1735.112
0 4550 97.1% 1743.277
0 4600 97.1% 1744.411
0 4650 97.1% 1747.737
0 4700 97.1% 1745.975
0 4750 97.1% 1741.568
0 4800 97.1% 1744.502
0 4850 97.1% 1743.486
0 4900 97.1% 1743.379
0 4950 97.1% 1740.841
0 5000 97.1% 1746.305
0 5050 97.1% 1745.799
0 5100 97.1% 1747.547
0 5150 97.1% 1750.275
0 5200 97.1% 1751.251
0 5250 96.7% 1743.375
0 5300 96.7% 1745.129
0 5350 96.7% 1745.885
0 5400 96.7% 1744.892
0 5450 96.7% 1743.788
0 5500 96.7% 1744.941
0 5550 96.7% 1746.937
0 5600 96.7% 1749.541
0 5650 96.7% 1750.600
0 5700 96.7% 1748.980
0 5750 96.7% 1751.260
0 5800 96.7% 1751.145
0 5850 96.7% 1756.910
0 5900 96.7% 1756.948
0 5950 96.7% 1754.452
0 6000 96.7% 1753.130
0 6050 96.7% 1753.398
0 6100 96.7% 1748.247
0 6150 96.7% 1753.130
0 6200 96.7% 1751.842
0 6250 96.7% 1751.587
0 6300 96.7% 1752.656
0 6350 96.7% 1751.967
0 6400 96.7% 1744.301
0 6450 96.7% 1744.831
0 6500 96.7% 1748.216
0 6550 96.7% 1750.077
0 6600 96.7% 1749.921
1 50 96.2% 1580.060
1 100 96.2% 1645.358
1 150 96.2% 1676.050
1 200 96.7% 1763.346
1 250 97.1% 1789.803
1 300 97.6% 1820.184
1 350 97.6% 1840.364
1 400 97.6% 1850.544
1 450 97.6% 1852.106
1 500 97.6% 1852.255
1 550 97.6% 1852.504
1 600 97.6% 1853.656
1 650 97.6% 1854.202
1 700 97.6% 1854.247
1 750 97.6% 1854.257
1 800 97.6% 1863.666
1 850 97.6% 1863.670
1 900 97.6% 1863.899
1 950 97.6% 1863.967
1 1000 97.6% 1864.075
1 1050 97.6% 1864.459
1 1100 97.6% 1864.463
1 1150 97.6% 1864.465
1 1200 97.6% 1864.462
1 1250 97.6% 1867.504
1 1300 97.6% 1867.494
1 1350 97.6% 1868.367
1 1400 97.6% 1868.362
1 1450 97.6% 1870.221
1 1500 97.6% 1870.316
1 1550 97.6% 1870.315
1 1600 97.6% 1870.325
1 1650 97.6% 1870.327
1 1700 97.6% 1870.329
1 1750 97.6% 1870.329
1 1800 97.6% 1870.337
1 1850 97.6% 1870.341
1 1900 97.6% 1870.340
1 1950 97.6% 1870.355
1 2000 97.6% 1870.348
1 2050 97.6% 1870.342
1 2100 97.6% 1870.329
1 2150 97.6% 1870.454
1 2200 97.6% 1870.455
1 2250 97.6% 1870.444
1 2300 97.6% 1870.442
1 2350 97.6% 1870.442
1 2400 97.6% 1870.441
1 2450 97.6% 1870.440
1 2500 97.6% 1870.437
1 2550 97.6% 1870.438
1 2600 97.6% 1870.438
1 2650 97.6% 1870.438
1 2700 97.6% 1870.439
1 2750 97.6% 1870.458
1 2800 97.6% 1870.464
1 2850 97.6% 1870.460
1 2900 97.6% 1870.718
1 2950 97.6% 1870.718
1 3000 97.6% 1870.717
1 3050 97.6% 1870.715
1 3100 97.6% 1870.714
1 3150 97.6% 1870.713
1 3200 97.6% 1870.714
1 3250 97.6% 1870.713
1 3300 97.6% 1870.713
1 3350 97.6% 1870.713
1 3400 97.6% 1870.713
1 3450 97.6% 1870.713
1 3500 97.6% 1870.711
1 3550 97.6% 1870.711
1 3600 97.6% 1870.710
1 3650 97.6% 1870.711
1 3700 97.6% 1870.711
1 3750 97.6% 1870.710
1 3800 97.6% 1870.710
1 3850 97.6% 1870.710
1 3900 97.6% 1870.710
1 3950 97.6% 1870.709
1 4000 97.6% 1870.710
1 4050 97.6% 1870.710
1 4100 97.6% 1870.709
1 4150 97.6% 1870.709
1 4200 97.6% 1870.709
1 4250 97.6% 1870.709
1 4300 97.6% 1870.710
1 4350 97.6% 1870.710
1 4400 97.6% 1870.710
1 4450 97.6% 1870.709
1 4500 97.6% 1870.708
1 4550 97.6% 1870.708
1 4600 97.6% 1870.709
1 4650 97.6% 1870.707
1 4700 97.6% 1870.707
1 4750 97.6% 1870.707
1 4800 97.6% 1870.707
1 4850 97.6% 1870.707
1 4900 97.6% 1870.707
1 4950 97.6% 1870.707
1 5000 97.6% 1870.707
1 5050 97.6% 1870.707
1 5100 97.6% 1870.707
1 5150 97.6% 1870.707
1 5200 97.6% 1870.708
1 5250 97.6% 1870.707
1 5300 97.6% 1870.707
1 5350 97.6% 1870.707
1 5400 97.6% 1870.707
1 5450 97.6% 1870.707
1 5500 97.6% 1870.707
1 5550 97.6% 1870.707
1 5600 97.6% 1870.706
1 5650 97.6% 1870.706
1 5700 97.6% 1870.706
1 5750 97.6% 1870.706
1 5800 97.6% 1870.704
1 5850 97.6% 1870.704
1 5900 97.6% 1870.704
1 5950 97.6% 1870.704
1 6000 97.6% 1870.704
1 6050 97.6% 1870.704
1 6100 97.6% 1870.704
1 6150 97.6% 1870.703
1 6200 97.6% 1870.703
1 6250 97.6% 1870.702
1 6300 97.6% 1870.701
1 6350 97.6% 1870.701
1 6400 97.6% 1870.701
1 6450 97.6% 1870.700
1 6500 97.6% 1870.699
1 6550 97.6% 1870.698
1 6600 97.6% 1870.698
